node.exe : FAIL 
test/messages.e2e-spec.ts
At C:\Program 
Files\nodejs\npx.ps1:29 
char:3
+   & $NODE_EXE 
$NPX_CLI_JS $args
+   ~~~~~~~~~~~~~~~~~~~~~~~
~~~~~~
    + CategoryInfo         
     : NotSpecified: (FAI  
  L test/messages.e2e-sp   
 ec.ts:String) [], Remo    
teException
    + FullyQualifiedErrorI 
   d : NativeCommandError
 
  Messages (e2e)
    × /messages/broadcast 
(POST) - Success (105 ms)
    √ 
/messages/conversations 
(GET) - Candidate 1 
Success (169 ms)
    √ /messages/conversatio
ns/:id/messages (GET) - 
Success (8 ms)

  ● Messages (e2e) › 
/messages/broadcast (POST) 
- Success

    expect(received).toHave
Property(path, value)

    Expected path: 
"success"
    Received path: []

    Expected value: true
    Received value: 
[{"content": "Broadcast 
test message", 
"conversationId": "494213d0
-d2d6-4530-99ef-ffdfc9ff70b
b", "isRead": false, 
"messageId": "39e5ea02-f562
-452d-9cc8-6eab1c59f3de", 
"senderId": "06104c42-a52a-
4396-93ec-1eaabcdfd86c", 
"sentAt": "2026-03-31T12:46
:23.399Z"}, {"content": 
"Broadcast test message", 
"conversationId": "b7d68c97
-fdc7-4589-af22-3d76b73ed8d
b", "isRead": false, 
"messageId": "c8b511d9-344a
-45ea-91cb-9587d856e7fe", 
"senderId": "06104c42-a52a-
4396-93ec-1eaabcdfd86c", 
"sentAt": "2026-03-31T12:46
:23.410Z"}]

    [0m [90m 146 |[39m  
     [33m.[39mexpect([35
m201[39m)[33m;[39m
     [90m 147 |[39m      
 
    
[31m[1m>[22m[39m[90m 
148 |[39m     expect(respo
nse[33m.[39mbody)[33m.[
39mtoHaveProperty([32m'suc
cess'[39m[33m,[39m 
[36mtrue[39m)[33m;[39m
     [90m     |[39m      
                     
[31m[1m^[22m[39m
     [90m 149 |[39m     e
xpect(response[33m.[39mbo
dy)[33m.[39mtoHavePropert
y([32m'count'[39m[33m,[
39m [35m2[39m)[33m;[39m
     [90m 150 |[39m   
})[33m;[39m
     [90m 151 |[39m[0m

      at 
Object.<anonymous> (message
s.e2e-spec.ts:148:27)

Test Suites: 1 failed, 1 
total
Tests:       1 failed, 2 
passed, 3 total
Snapshots:   0 total
Time:        2.511 s, 
estimated 5 s
Ran all test suites 
matching 
test/messages.e2e-spec.ts.
