src/modules/auth/auth.service.ts(101,45): error TS18047: 'user' is possibly 'null'.
src/modules/auth/auth.service.ts(102,19): error TS18047: 'user' is possibly 'null'.
src/modules/auth/auth.service.ts(103,43): error TS18047: 'user' is possibly 'null'.
src/modules/auth/auth.service.ts(103,56): error TS18047: 'user' is possibly 'null'.
src/modules/auth/auth.service.ts(104,45): error TS18047: 'user' is possibly 'null'.
src/modules/auth/auth.service.ts(105,50): error TS18047: 'user' is possibly 'null'.
src/modules/search/search.service.ts(26,25): error TS2769: No overload matches this call.
  Overload 1 of 4, '(params?: Index<Record<string, any>> | undefined, options?: TransportRequestOptions | undefined): TransportRequestPromise<ApiResponse<Record<string, any>, unknown>>', gave the following error.
    Object literal may only specify known properties, and 'document' does not exist in type 'Index<Record<string, any>>'.
  Overload 2 of 4, '(callback: callbackFn<Record<string, any>, unknown>): TransportRequestCallback', gave the following error.
    Object literal may only specify known properties, and 'index' does not exist in type 'callbackFn<Record<string, any>, unknown>'.
src/modules/search/search.service.ts(42,25): error TS2769: No overload matches this call.
  Overload 1 of 4, '(params?: Index<Record<string, any>> | undefined, options?: TransportRequestOptions | undefined): TransportRequestPromise<ApiResponse<Record<string, any>, unknown>>', gave the following error.
    Object literal may only specify known properties, and 'document' does not exist in type 'Index<Record<string, any>>'.
  Overload 2 of 4, '(callback: callbackFn<Record<string, any>, unknown>): TransportRequestCallback', gave the following error.
    Object literal may only specify known properties, and 'index' does not exist in type 'callbackFn<Record<string, any>, unknown>'.
src/modules/users/users.service.ts(111,13): error TS2353: Object literal may only specify known properties, and 'provider' does not exist in type '(Without<UserCreateInput, UserUncheckedCreateInput> & UserUncheckedCreateInput) | (Without<...> & UserCreateInput)'.
src/modules/users/users.service.ts(157,13): error TS18047: 'user' is possibly 'null'.
src/modules/users/users.service.ts(163,17): error TS2339: Property 'provider' does not exist on type '{ candidate: { fullName: string; userId: string; candidateId: string; phone: string; university: string | null; major: string | null; gpa: number | null; cvUrl: string | null; } | null; recruiter: { ...; } | null; userRoles: ({ ...; } & { ...; })[]; } & { ...; }'.
src/modules/users/users.service.ts(163,34): error TS2339: Property 'provider' does not exist on type '{ candidate: { fullName: string; userId: string; candidateId: string; phone: string; university: string | null; major: string | null; gpa: number | null; cvUrl: string | null; } | null; recruiter: { ...; } | null; userRoles: ({ ...; } & { ...; })[]; } & { ...; }'.
src/modules/users/users.service.ts(167,13): error TS2353: Object literal may only specify known properties, and 'provider' does not exist in type '(Without<UserUpdateInput, UserUncheckedUpdateInput> & UserUncheckedUpdateInput) | (Without<...> & UserUpdateInput)'.
