src/modules/users/users.service.ts(12,33): error TS2307: Cannot find module '../../generated/prisma' or its corresponding type declarations.
